I'm sorry, but errors were detected in your script. Please correct the
errors listed below, and try again.


File "game/script.rpy", line 19: Line is indented, but the preceding jump statement statement does not expect a block. Please check this line's indentation.
    return
    ^

Ren'Py Version: Ren'Py 6.99.14.3.3347
Mon Apr 16 08:32:13 2018
